18:38:07 DEBUG : Logs will be stored at 'E:/FPGA_PJ/2026G/fpga/vitis/include/IDE.log'.
18:38:13 INFO  : Launching XSCT server: xsct.bat -n  -interactive E:\FPGA_PJ\2026G\fpga\vitis\include\temp_xsdb_launch_script.tcl
18:38:15 INFO  : XSCT server has started successfully.
18:38:15 INFO  : Successfully done setting XSCT server connection channel  
18:38:15 INFO  : plnx-install-location is set to ''
18:38:15 INFO  : Successfully done setting workspace for the tool. 
18:38:23 INFO  : Registering command handlers for Vitis TCF services
18:38:23 INFO  : Successfully done query RDI_DATADIR 
18:38:24 INFO  : Platform repository initialization has completed.
18:39:06 INFO  : Result from executing command 'getProjects': draw_test1
18:39:07 INFO  : Result from executing command 'getPlatforms': xilinx_vck190_base_202220_1|E:/Xilinx_2/Vitis/2022.2/base_platforms/xilinx_vck190_base_202220_1/xilinx_vck190_base_202220_1.xpfm;xilinx_vck190_base_dfx_202220_1|E:/Xilinx_2/Vitis/2022.2/base_platforms/xilinx_vck190_base_dfx_202220_1/xilinx_vck190_base_dfx_202220_1.xpfm;xilinx_vmk180_base_202220_1|E:/Xilinx_2/Vitis/2022.2/base_platforms/xilinx_vmk180_base_202220_1/xilinx_vmk180_base_202220_1.xpfm;xilinx_zcu102_base_202220_1|E:/Xilinx_2/Vitis/2022.2/base_platforms/xilinx_zcu102_base_202220_1/xilinx_zcu102_base_202220_1.xpfm;xilinx_zcu102_base_dfx_202220_1|E:/Xilinx_2/Vitis/2022.2/base_platforms/xilinx_zcu102_base_dfx_202220_1/xilinx_zcu102_base_dfx_202220_1.xpfm;xilinx_zcu104_base_202220_1|E:/Xilinx_2/Vitis/2022.2/base_platforms/xilinx_zcu104_base_202220_1/xilinx_zcu104_base_202220_1.xpfm
18:39:29 INFO  : Result from executing command 'getProjects': draw_test1
18:39:29 INFO  : Result from executing command 'getPlatforms': draw_test1|E:/FPGA_PJ/2026G/fpga/vitis/include/draw_test1/export/draw_test1/draw_test1.xpfm;xilinx_vck190_base_202220_1|E:/Xilinx_2/Vitis/2022.2/base_platforms/xilinx_vck190_base_202220_1/xilinx_vck190_base_202220_1.xpfm;xilinx_vck190_base_dfx_202220_1|E:/Xilinx_2/Vitis/2022.2/base_platforms/xilinx_vck190_base_dfx_202220_1/xilinx_vck190_base_dfx_202220_1.xpfm;xilinx_vmk180_base_202220_1|E:/Xilinx_2/Vitis/2022.2/base_platforms/xilinx_vmk180_base_202220_1/xilinx_vmk180_base_202220_1.xpfm;xilinx_zcu102_base_202220_1|E:/Xilinx_2/Vitis/2022.2/base_platforms/xilinx_zcu102_base_202220_1/xilinx_zcu102_base_202220_1.xpfm;xilinx_zcu102_base_dfx_202220_1|E:/Xilinx_2/Vitis/2022.2/base_platforms/xilinx_zcu102_base_dfx_202220_1/xilinx_zcu102_base_dfx_202220_1.xpfm;xilinx_zcu104_base_202220_1|E:/Xilinx_2/Vitis/2022.2/base_platforms/xilinx_zcu104_base_202220_1/xilinx_zcu104_base_202220_1.xpfm
19:37:46 INFO  : Result from executing command 'getProjects': draw_test1;draw_test2
19:37:46 INFO  : Result from executing command 'getPlatforms': draw_test1|E:/FPGA_PJ/2026G/fpga/vitis/include/draw_test1/export/draw_test1/draw_test1.xpfm;xilinx_vck190_base_202220_1|E:/Xilinx_2/Vitis/2022.2/base_platforms/xilinx_vck190_base_202220_1/xilinx_vck190_base_202220_1.xpfm;xilinx_vck190_base_dfx_202220_1|E:/Xilinx_2/Vitis/2022.2/base_platforms/xilinx_vck190_base_dfx_202220_1/xilinx_vck190_base_dfx_202220_1.xpfm;xilinx_vmk180_base_202220_1|E:/Xilinx_2/Vitis/2022.2/base_platforms/xilinx_vmk180_base_202220_1/xilinx_vmk180_base_202220_1.xpfm;xilinx_zcu102_base_202220_1|E:/Xilinx_2/Vitis/2022.2/base_platforms/xilinx_zcu102_base_202220_1/xilinx_zcu102_base_202220_1.xpfm;xilinx_zcu102_base_dfx_202220_1|E:/Xilinx_2/Vitis/2022.2/base_platforms/xilinx_zcu102_base_dfx_202220_1/xilinx_zcu102_base_dfx_202220_1.xpfm;xilinx_zcu104_base_202220_1|E:/Xilinx_2/Vitis/2022.2/base_platforms/xilinx_zcu104_base_202220_1/xilinx_zcu104_base_202220_1.xpfm
19:38:04 INFO  : Result from executing command 'getProjects': draw_test1;draw_test2
19:38:04 INFO  : Result from executing command 'getPlatforms': draw_test1|E:/FPGA_PJ/2026G/fpga/vitis/include/draw_test1/export/draw_test1/draw_test1.xpfm;draw_test2|E:/FPGA_PJ/2026G/fpga/vitis/include/draw_test2/export/draw_test2/draw_test2.xpfm;xilinx_vck190_base_202220_1|E:/Xilinx_2/Vitis/2022.2/base_platforms/xilinx_vck190_base_202220_1/xilinx_vck190_base_202220_1.xpfm;xilinx_vck190_base_dfx_202220_1|E:/Xilinx_2/Vitis/2022.2/base_platforms/xilinx_vck190_base_dfx_202220_1/xilinx_vck190_base_dfx_202220_1.xpfm;xilinx_vmk180_base_202220_1|E:/Xilinx_2/Vitis/2022.2/base_platforms/xilinx_vmk180_base_202220_1/xilinx_vmk180_base_202220_1.xpfm;xilinx_zcu102_base_202220_1|E:/Xilinx_2/Vitis/2022.2/base_platforms/xilinx_zcu102_base_202220_1/xilinx_zcu102_base_202220_1.xpfm;xilinx_zcu102_base_dfx_202220_1|E:/Xilinx_2/Vitis/2022.2/base_platforms/xilinx_zcu102_base_dfx_202220_1/xilinx_zcu102_base_dfx_202220_1.xpfm;xilinx_zcu104_base_202220_1|E:/Xilinx_2/Vitis/2022.2/base_platforms/xilinx_zcu104_base_202220_1/xilinx_zcu104_base_202220_1.xpfm
19:56:57 DEBUG : Logs will be stored at 'E:/FPGA_PJ/2026G/fpga/vitis/include/IDE.log'.
19:57:09 INFO  : Registering command handlers for Vitis TCF services
19:57:10 INFO  : Platform repository initialization has completed.
19:58:27 ERROR : xsct server communication channel has closed unexpectedly.
java.net.SocketException: Connection reset
	at java.net.SocketInputStream.read(SocketInputStream.java:186) ~[?:?]
	at java.net.SocketInputStream.read(SocketInputStream.java:140) ~[?:?]
	at java.io.BufferedInputStream.read1(BufferedInputStream.java:290) ~[?:?]
	at java.io.BufferedInputStream.read(BufferedInputStream.java:351) ~[?:?]
	at java.io.FilterInputStream.read(FilterInputStream.java:107) ~[?:?]
	at org.eclipse.tcf.core.ChannelTCP.get(ChannelTCP.java:186) ~[org.eclipse.tcf.core_1.7.0.202210132147.jar:?]
	at org.eclipse.tcf.core.StreamChannel.read(StreamChannel.java:85) ~[org.eclipse.tcf.core_1.7.0.202210132147.jar:?]
	at org.eclipse.tcf.core.AbstractChannel$1.run(AbstractChannel.java:329) ~[org.eclipse.tcf.core_1.7.0.202210132147.jar:?]
20:25:43 DEBUG : Logs will be stored at 'E:/FPGA_PJ/2026G/fpga/vitis/include/IDE.log'.
20:25:43 INFO  : Launching XSCT server: xsct.bat -n  -interactive E:\FPGA_PJ\2026G\fpga\vitis\include\temp_xsdb_launch_script.tcl
20:25:45 INFO  : XSCT server has started successfully.
20:25:45 INFO  : Successfully done setting XSCT server connection channel  
20:25:45 INFO  : plnx-install-location is set to ''
20:25:45 INFO  : Successfully done setting workspace for the tool. 
20:25:46 INFO  : Platform repository initialization has completed.
20:25:47 INFO  : Registering command handlers for Vitis TCF services
20:25:48 INFO  : Successfully done query RDI_DATADIR 
20:25:56 INFO  : Checking for BSP changes to sync application flags for project 'draw_test2_1'...
20:26:03 ERROR : (XSDB Server)ERROR: [Hsi 55-1571] The design file E:/FPGA_PJ/2026G/fpga/vitis/include/draw_test2/export/draw_test2/hw/draw_test2.xsa is already opened

20:26:20 INFO  : Connected to target on host '127.0.0.1' and port '3121'.
20:26:38 INFO  : ----------------XSDB Script----------------
connect -url tcp:127.0.0.1:3121
----------------End of Script----------------

20:26:38 ERROR : Could not find ARM device on the board for connection 'Local'.
Check if the target is in:
1. Split JTAG - No operations are possible with ARM DAP.
2. Non JTAG bootmode - Bootrom may need time to enable DAP.
Please try again.


Troubleshooting hints:
1. Check whether board is connected to system properly.
2. In case of zynq board, check whether Digilent/Xilinx cable switch settings are correct.
3. If you are using Xilinx Platform Cable USB, ensure that status LED is green.
20:26:53 INFO  : Connected to target on host '127.0.0.1' and port '3121'.
20:27:28 INFO  : ----------------XSDB Script----------------
connect -url tcp:127.0.0.1:3121
----------------End of Script----------------

20:27:28 ERROR : Could not find ARM device on the board for connection 'Local'.
Check if the target is in:
1. Split JTAG - No operations are possible with ARM DAP.
2. Non JTAG bootmode - Bootrom may need time to enable DAP.
Please try again.


Troubleshooting hints:
1. Check whether board is connected to system properly.
2. In case of zynq board, check whether Digilent/Xilinx cable switch settings are correct.
3. If you are using Xilinx Platform Cable USB, ensure that status LED is green.
20:27:42 INFO  : Connected to target on host '127.0.0.1' and port '3121'.
20:27:43 INFO  : Jtag cable 'Digilent JTAG-HS2 210241880278' is selected.
20:27:43 INFO  : 'jtag frequency' command is executed.
20:27:43 INFO  : Context for 'APU' is selected.
20:27:43 INFO  : System reset is completed.
20:27:46 INFO  : 'after 3000' command is executed.
20:27:46 INFO  : 'targets -set -filter {jtag_cable_name =~ "Digilent JTAG-HS2 210241880278" && level==0 && jtag_device_ctx=="jsn-JTAG-HS2-210241880278-23727093-0"}' command is executed.
20:27:49 INFO  : Device configured successfully with "E:/FPGA_PJ/2026G/fpga/vitis/include/draw_test2_1/_ide/bitstream/draw_test2.bit"
20:27:49 INFO  : Context for 'APU' is selected.
20:27:49 INFO  : Hardware design and registers information is loaded from 'E:/FPGA_PJ/2026G/fpga/vitis/include/draw_test2/export/draw_test2/hw/draw_test2.xsa'.
20:27:49 INFO  : 'configparams force-mem-access 1' command is executed.
20:27:49 INFO  : Context for 'APU' is selected.
20:27:49 INFO  : Sourcing of 'E:/FPGA_PJ/2026G/fpga/vitis/include/draw_test2_1/_ide/psinit/ps7_init.tcl' is done.
20:27:50 INFO  : 'ps7_init' command is executed.
20:27:50 INFO  : 'ps7_post_config' command is executed.
20:27:50 INFO  : Context for processor 'ps7_cortexa9_0' is selected.
20:27:50 INFO  : The application 'E:/FPGA_PJ/2026G/fpga/vitis/include/draw_test2_1/Debug/draw_test2_1.elf' is downloaded to processor 'ps7_cortexa9_0'.
20:27:50 INFO  : 'configparams force-mem-access 0' command is executed.
20:27:50 INFO  : ----------------XSDB Script----------------
connect -url tcp:127.0.0.1:3121
targets -set -nocase -filter {name =~"APU*"}
rst -system
after 3000
targets -set -filter {jtag_cable_name =~ "Digilent JTAG-HS2 210241880278" && level==0 && jtag_device_ctx=="jsn-JTAG-HS2-210241880278-23727093-0"}
fpga -file E:/FPGA_PJ/2026G/fpga/vitis/include/draw_test2_1/_ide/bitstream/draw_test2.bit
targets -set -nocase -filter {name =~"APU*"}
loadhw -hw E:/FPGA_PJ/2026G/fpga/vitis/include/draw_test2/export/draw_test2/hw/draw_test2.xsa -mem-ranges [list {0x40000000 0xbfffffff}] -regs
configparams force-mem-access 1
targets -set -nocase -filter {name =~"APU*"}
source E:/FPGA_PJ/2026G/fpga/vitis/include/draw_test2_1/_ide/psinit/ps7_init.tcl
ps7_init
ps7_post_config
targets -set -nocase -filter {name =~ "*A9*#0"}
dow E:/FPGA_PJ/2026G/fpga/vitis/include/draw_test2_1/Debug/draw_test2_1.elf
configparams force-mem-access 0
----------------End of Script----------------

20:27:50 INFO  : Context for processor 'ps7_cortexa9_0' is selected.
20:27:50 INFO  : 'con' command is executed.
20:27:50 INFO  : ----------------XSDB Script (After Launch)----------------
targets -set -nocase -filter {name =~ "*A9*#0"}
con
----------------End of Script----------------

20:27:50 INFO  : Launch script is exported to file 'E:\FPGA_PJ\2026G\fpga\vitis\include\draw_test2_1_system\_ide\scripts\debugger_draw_test2_1-default.tcl'
21:38:36 INFO  : Checking for BSP changes to sync application flags for project 'draw_test2_1'...
21:38:39 ERROR : (XSDB Server)ERROR: [Hsi 55-1571] The design file E:/FPGA_PJ/2026G/fpga/vitis/include/draw_test2/export/draw_test2/hw/draw_test2.xsa is already opened

21:38:54 INFO  : Disconnected from the channel tcfchan#2.
21:38:55 INFO  : Connected to target on host '127.0.0.1' and port '3121'.
21:38:56 INFO  : Jtag cable 'Digilent JTAG-HS2 210241880278' is selected.
21:38:56 INFO  : 'jtag frequency' command is executed.
21:38:56 INFO  : Context for 'APU' is selected.
21:38:56 INFO  : System reset is completed.
21:38:59 INFO  : 'after 3000' command is executed.
21:38:59 INFO  : 'targets -set -filter {jtag_cable_name =~ "Digilent JTAG-HS2 210241880278" && level==0 && jtag_device_ctx=="jsn-JTAG-HS2-210241880278-23727093-0"}' command is executed.
21:39:02 INFO  : Device configured successfully with "E:/FPGA_PJ/2026G/fpga/vitis/include/draw_test2_1/_ide/bitstream/draw_test2.bit"
21:39:02 INFO  : Context for 'APU' is selected.
21:39:03 INFO  : Hardware design and registers information is loaded from 'E:/FPGA_PJ/2026G/fpga/vitis/include/draw_test2/export/draw_test2/hw/draw_test2.xsa'.
21:39:03 INFO  : 'configparams force-mem-access 1' command is executed.
21:39:03 INFO  : Context for 'APU' is selected.
21:39:03 INFO  : Sourcing of 'E:/FPGA_PJ/2026G/fpga/vitis/include/draw_test2_1/_ide/psinit/ps7_init.tcl' is done.
21:39:04 INFO  : 'ps7_init' command is executed.
21:39:04 INFO  : 'ps7_post_config' command is executed.
21:39:04 INFO  : Context for processor 'ps7_cortexa9_0' is selected.
21:39:04 INFO  : The application 'E:/FPGA_PJ/2026G/fpga/vitis/include/draw_test2_1/Debug/draw_test2_1.elf' is downloaded to processor 'ps7_cortexa9_0'.
21:39:04 INFO  : 'configparams force-mem-access 0' command is executed.
21:39:04 INFO  : ----------------XSDB Script----------------
connect -url tcp:127.0.0.1:3121
targets -set -nocase -filter {name =~"APU*"}
rst -system
after 3000
targets -set -filter {jtag_cable_name =~ "Digilent JTAG-HS2 210241880278" && level==0 && jtag_device_ctx=="jsn-JTAG-HS2-210241880278-23727093-0"}
fpga -file E:/FPGA_PJ/2026G/fpga/vitis/include/draw_test2_1/_ide/bitstream/draw_test2.bit
targets -set -nocase -filter {name =~"APU*"}
loadhw -hw E:/FPGA_PJ/2026G/fpga/vitis/include/draw_test2/export/draw_test2/hw/draw_test2.xsa -mem-ranges [list {0x40000000 0xbfffffff}] -regs
configparams force-mem-access 1
targets -set -nocase -filter {name =~"APU*"}
source E:/FPGA_PJ/2026G/fpga/vitis/include/draw_test2_1/_ide/psinit/ps7_init.tcl
ps7_init
ps7_post_config
targets -set -nocase -filter {name =~ "*A9*#0"}
dow E:/FPGA_PJ/2026G/fpga/vitis/include/draw_test2_1/Debug/draw_test2_1.elf
configparams force-mem-access 0
----------------End of Script----------------

21:39:04 INFO  : Context for processor 'ps7_cortexa9_0' is selected.
21:39:04 INFO  : 'con' command is executed.
21:39:04 INFO  : ----------------XSDB Script (After Launch)----------------
targets -set -nocase -filter {name =~ "*A9*#0"}
con
----------------End of Script----------------

21:39:04 INFO  : Launch script is exported to file 'E:\FPGA_PJ\2026G\fpga\vitis\include\draw_test2_1_system\_ide\scripts\debugger_draw_test2_1-default.tcl'
21:42:04 INFO  : Disconnected from the channel tcfchan#4.
08:53:23 DEBUG : Logs will be stored at 'E:/FPGA_PJ/2026G/fpga/vitis/include/IDE.log'.
08:53:24 INFO  : Launching XSCT server: xsct.bat -n  -interactive E:\FPGA_PJ\2026G\fpga\vitis\include\temp_xsdb_launch_script.tcl
08:53:27 INFO  : Registering command handlers for Vitis TCF services
08:53:27 INFO  : XSCT server has started successfully.
08:53:27 INFO  : plnx-install-location is set to ''
08:53:27 INFO  : Successfully done setting XSCT server connection channel  
08:53:27 INFO  : Successfully done setting workspace for the tool. 
08:53:27 INFO  : Successfully done query RDI_DATADIR 
08:53:28 INFO  : Platform repository initialization has completed.
08:57:49 INFO  : Connected to target on host '127.0.0.1' and port '3121'.
08:57:50 INFO  : Jtag cable 'Digilent JTAG-HS2 210241880278' is selected.
08:57:50 INFO  : 'jtag frequency' command is executed.
08:57:50 INFO  : Context for 'APU' is selected.
08:57:50 INFO  : System reset is completed.
08:57:53 INFO  : 'after 3000' command is executed.
08:57:53 INFO  : 'targets -set -filter {jtag_cable_name =~ "Digilent JTAG-HS2 210241880278" && level==0 && jtag_device_ctx=="jsn-JTAG-HS2-210241880278-23727093-0"}' command is executed.
08:57:56 INFO  : Device configured successfully with "E:/FPGA_PJ/2026G/fpga/vitis/include/draw_test2_1/_ide/bitstream/draw_test2.bit"
08:57:56 INFO  : Context for 'APU' is selected.
08:57:56 INFO  : Hardware design and registers information is loaded from 'E:/FPGA_PJ/2026G/fpga/vitis/include/draw_test2/export/draw_test2/hw/draw_test2.xsa'.
08:57:56 INFO  : 'configparams force-mem-access 1' command is executed.
08:57:57 INFO  : Context for 'APU' is selected.
08:57:57 INFO  : Sourcing of 'E:/FPGA_PJ/2026G/fpga/vitis/include/draw_test2_1/_ide/psinit/ps7_init.tcl' is done.
08:57:57 INFO  : 'ps7_init' command is executed.
08:57:57 INFO  : 'ps7_post_config' command is executed.
08:57:57 INFO  : Context for processor 'ps7_cortexa9_0' is selected.
08:57:57 INFO  : The application 'E:/FPGA_PJ/2026G/fpga/vitis/include/draw_test2_1/Debug/draw_test2_1.elf' is downloaded to processor 'ps7_cortexa9_0'.
08:57:57 INFO  : 'configparams force-mem-access 0' command is executed.
08:57:57 INFO  : ----------------XSDB Script----------------
connect -url tcp:127.0.0.1:3121
targets -set -nocase -filter {name =~"APU*"}
rst -system
after 3000
targets -set -filter {jtag_cable_name =~ "Digilent JTAG-HS2 210241880278" && level==0 && jtag_device_ctx=="jsn-JTAG-HS2-210241880278-23727093-0"}
fpga -file E:/FPGA_PJ/2026G/fpga/vitis/include/draw_test2_1/_ide/bitstream/draw_test2.bit
targets -set -nocase -filter {name =~"APU*"}
loadhw -hw E:/FPGA_PJ/2026G/fpga/vitis/include/draw_test2/export/draw_test2/hw/draw_test2.xsa -mem-ranges [list {0x40000000 0xbfffffff}] -regs
configparams force-mem-access 1
targets -set -nocase -filter {name =~"APU*"}
source E:/FPGA_PJ/2026G/fpga/vitis/include/draw_test2_1/_ide/psinit/ps7_init.tcl
ps7_init
ps7_post_config
targets -set -nocase -filter {name =~ "*A9*#0"}
dow E:/FPGA_PJ/2026G/fpga/vitis/include/draw_test2_1/Debug/draw_test2_1.elf
configparams force-mem-access 0
----------------End of Script----------------

08:57:57 INFO  : Context for processor 'ps7_cortexa9_0' is selected.
08:57:57 INFO  : 'con' command is executed.
08:57:57 INFO  : ----------------XSDB Script (After Launch)----------------
targets -set -nocase -filter {name =~ "*A9*#0"}
con
----------------End of Script----------------

08:57:57 INFO  : Launch script is exported to file 'E:\FPGA_PJ\2026G\fpga\vitis\include\draw_test2_1_system\_ide\scripts\debugger_draw_test2_1-default.tcl'
08:59:00 INFO  : Disconnected from the channel tcfchan#1.
