21:38:36 **** Incremental Build of configuration Debug for project draw_test2_1 ****
make all 
make --no-print-directory pre-build
a9-linaro-pre-build-step
' '
make --no-print-directory main-build
'Building file: ../src/hmi_measure_app.c'
'Invoking: ARM v7 gcc compiler'
arm-none-eabi-gcc -Wall -O0 -g3 -c -fmessage-length=0 -MT"src/hmi_measure_app.o" -mcpu=cortex-a9 -mfpu=vfpv3 -mfloat-abi=hard -IE:/FPGA_PJ/2026G/fpga/vitis/include/draw_test2/export/draw_test2/sw/draw_test2/standalone_domain/bspinclude/include -MMD -MP -MF"src/hmi_measure_app.d" -MT"src/hmi_measure_app.o" -o "src/hmi_measure_app.o" "../src/hmi_measure_app.c"
'Finished building: ../src/hmi_measure_app.c'
' '
'Building target: draw_test2_1.elf'
'Invoking: ARM v7 gcc linker'
arm-none-eabi-gcc -mcpu=cortex-a9 -mfpu=vfpv3 -mfloat-abi=hard -Wl,-build-id=none -specs=Xilinx.spec -Wl,-T -Wl,../src/lscript.ld -LE:/FPGA_PJ/2026G/fpga/vitis/include/draw_test2/export/draw_test2/sw/draw_test2/standalone_domain/bsplib/lib -o "draw_test2_1.elf"  ./src/helloworld.o ./src/hmi_measure_app.o ./src/platform.o   -Wl,--start-group,-lxil,-lgcc,-lc,--end-group
'Finished building target: draw_test2_1.elf'
' '
'Invoking: ARM v7 Print Size'
arm-none-eabi-size draw_test2_1.elf  |tee "draw_test2_1.elf.size"
   text	   data	    bss	    dec	    hex	filename
  64283	   2564	  22784	  89631	  15e1f	draw_test2_1.elf
'Finished building: draw_test2_1.elf.size'
' '

21:38:37 Build Finished (took 838ms)

